bunkerd: loaded auth.jwt_secret from /home/kara/.config/bunkerd/secrets/jwt_secret
bunkerd: *** WARNING: legacy secret storage *** — auth.token is set inline in the config file; the config file is copied, backed up and read by tooling, so the credential travels with it. Move it to a file: BUNKER_AUTH_TOKEN_FILE="<path>" (file mode 0600, e.g. under /home/kara/.config/bunkerd/secrets) or auth.token_file/auth.jwt_secret_file. Precedence: inline < file path < env-file.
{"time":"2026-09-27T11:18:49.041262888-05:00","level":"INFO","msg":"bunkerd config loaded","max_agents":5}
{"time":"2026-09-27T11:18:49.041304374-05:00","level":"INFO","msg":"containment disclosure disabled (default): agent sessions and exec output are unmodified"}
{"time":"2026-09-27T11:18:49.041308923-05:00","level":"INFO","msg":"bunkerd safety preset","preset":"standard"}
{"time":"2026-09-27T11:18:49.041326145-05:00","level":"WARN","msg":"hilo edges file not found, graph empty","path":".vfs/graph/edges.jsonl"}
{"time":"2026-09-27T11:18:49.041396154-05:00","level":"INFO","msg":"daemon instance identity","instance_id":"a63a551d1f22b882c50dbb52dac8f1ea"}
{"time":"2026-09-27T11:18:49.041509744-05:00","level":"INFO","msg":"agent registry replayed","path":"/tmp/rev-bunker-p1-live/data/agents.jsonl","files":1,"events":0,"live":0,"known":0,"malformed":0,"partial_tail":false}
{"time":"2026-09-27T11:18:49.041594982-05:00","level":"INFO","msg":"agent registry reconciliation dispatched","mode":"destroy","replayed_live":0,"replayed_known":0,"restored":0,"restored_foreign_pool":0,"purged":0,"orphans_async":true}
{"time":"2026-09-27T11:18:49.041982349-05:00","level":"INFO","msg":"destroying agent","agent_id":"probeok-18967"}
{"time":"2026-09-27T11:18:49.042326005-05:00","level":"INFO","msg":"bunkerd REST listening","addr":"127.0.0.1:42000","tls":false}
{"time":"2026-09-27T11:18:49.042554688-05:00","level":"INFO","msg":"bunkerd gRPC listening","addr":"127.0.0.1:42001","tls":false}
{"time":"2026-09-27T11:18:49.16743367-05:00","level":"INFO","msg":"removed user slice drop-in","slice":"user-1001.slice"}
{"time":"2026-09-27T11:18:49.191881997-05:00","level":"WARN","msg":"daemon-reload after slice cleanup failed","slice":"user-1001.slice","error":"exit status 1"}
{"time":"2026-09-27T11:18:49.191955843-05:00","level":"WARN","msg":"shared scratch removal incomplete","agent_id":"probeok-18967","error":"stat /srv/bunker-share/probeok-18967: permission denied"}
{"time":"2026-09-27T11:18:49.192006998-05:00","level":"WARN","msg":"isolation removal incomplete","agent_id":"probeok-18967","error":"shared scratch: stat /srv/bunker-share/probeok-18967: permission denied"}
{"time":"2026-09-27T11:18:49.315644974-05:00","level":"WARN","msg":"direct dockerd stop failed","unit":"bunker-docker-probeok-18967","error":"pgrep dockerd for user bunker-probeok-18967: exit status 1 (output: )"}
{"time":"2026-09-27T11:18:49.324723031-05:00","level":"WARN","msg":"systemctl stop failed (may not exist)","unit":"bunker-docker-probeok-18967","error":"exit status 5","output":"Failed to stop bunker-docker-probeok-18967.service: Unit bunker-docker-probeok-18967.service not loaded.\n"}
{"time":"2026-09-27T11:18:49.469845209-05:00","level":"WARN","msg":"loginctl terminate-user failed (continuing destroy; the live-process gate absorbs the session pair)","user":"bunker-probeok-18967","error":"exit status 1","output":"Could not terminate user: Access denied as the requested operation requires interactive authentication. However, interactive authentication has not been enabled by the calling program."}
{"time":"2026-09-27T11:18:49.628118782-05:00","level":"WARN","msg":"loginctl disable-linger failed (continuing destroy)","username":"bunker-probeok-18967","error":"exit status 1","output":"Could not enable linger: Access denied as the requested operation requires interactive authentication. However, interactive authentication has not been enabled by the calling program.\n"}
{"time":"2026-09-27T11:18:49.84391662-05:00","level":"ERROR","msg":"userdel failed in force mode; agent state is partially removed","username":"bunker-probeok-18967","error":"exit status 1","output":"userdel: Permission denied.\nuserdel: cannot lock /etc/passwd; try again later.\n","evidence":"surviving state: user record still present; no live processes remain under uid 1001; home directory /home/bunker-probeok-18967 still exists"}
{"time":"2026-09-27T11:18:49.843988433-05:00","level":"INFO","msg":"agent unregistered","agent_id":"probeok-18967","total":0}
{"time":"2026-09-27T11:18:49.843996699-05:00","level":"INFO","msg":"freed port range","agent_id":"probeok-18967"}
{"time":"2026-09-27T11:18:49.863261865-05:00","level":"INFO","msg":"agent destroyed","agent_id":"probeok-18967"}
{"time":"2026-09-27T11:18:49.863292091-05:00","level":"INFO","msg":"registry reconcile: destroyed orphan agent","action":"destroy","agent_id":"probeok-18967","system_user":"bunker-probeok-18967"}
{"time":"2026-09-27T11:18:49.863317237-05:00","level":"INFO","msg":"destroying agent","agent_id":"probeok-39467"}
{"time":"2026-09-27T11:18:49.923115762-05:00","level":"INFO","msg":"removed user slice drop-in","slice":"user-1002.slice"}
{"time":"2026-09-27T11:18:49.94404664-05:00","level":"WARN","msg":"daemon-reload after slice cleanup failed","slice":"user-1002.slice","error":"exit status 1"}
{"time":"2026-09-27T11:18:49.944123092-05:00","level":"WARN","msg":"shared scratch removal incomplete","agent_id":"probeok-39467","error":"stat /srv/bunker-share/probeok-39467: permission denied"}
{"time":"2026-09-27T11:18:49.944150673-05:00","level":"WARN","msg":"isolation removal incomplete","agent_id":"probeok-39467","error":"shared scratch: stat /srv/bunker-share/probeok-39467: permission denied"}
{"time":"2026-09-27T11:18:50.069733988-05:00","level":"WARN","msg":"direct dockerd stop failed","unit":"bunker-docker-probeok-39467","error":"pgrep dockerd for user bunker-probeok-39467: exit status 1 (output: )"}
{"time":"2026-09-27T11:18:50.07743123-05:00","level":"WARN","msg":"systemctl stop failed (may not exist)","unit":"bunker-docker-probeok-39467","error":"exit status 5","output":"Failed to stop bunker-docker-probeok-39467.service: Unit bunker-docker-probeok-39467.service not loaded.\n"}
{"time":"2026-09-27T11:18:50.220968175-05:00","level":"WARN","msg":"loginctl terminate-user failed (continuing destroy; the live-process gate absorbs the session pair)","user":"bunker-probeok-39467","error":"exit status 1","output":"Could not terminate user: Access denied as the requested operation requires interactive authentication. However, interactive authentication has not been enabled by the calling program."}
{"time":"2026-09-27T11:18:50.418195653-05:00","level":"WARN","msg":"loginctl disable-linger failed (continuing destroy)","username":"bunker-probeok-39467","error":"exit status 1","output":"Could not enable linger: Access denied as the requested operation requires interactive authentication. However, interactive authentication has not been enabled by the calling program.\n"}
{"time":"2026-09-27T11:18:50.585462496-05:00","level":"ERROR","msg":"userdel failed in force mode; agent state is partially removed","username":"bunker-probeok-39467","error":"exit status 1","output":"userdel: Permission denied.\nuserdel: cannot lock /etc/passwd; try again later.\n","evidence":"surviving state: user record still present; no live processes remain under uid 1002; home directory /home/bunker-probeok-39467 still exists"}
{"time":"2026-09-27T11:18:50.585534459-05:00","level":"INFO","msg":"agent unregistered","agent_id":"probeok-39467","total":0}
{"time":"2026-09-27T11:18:50.585543606-05:00","level":"INFO","msg":"freed port range","agent_id":"probeok-39467"}
{"time":"2026-09-27T11:18:50.595299828-05:00","level":"INFO","msg":"agent destroyed","agent_id":"probeok-39467"}
{"time":"2026-09-27T11:18:50.5953334-05:00","level":"INFO","msg":"registry reconcile: destroyed orphan agent","action":"destroy","agent_id":"probeok-39467","system_user":"bunker-probeok-39467"}
{"time":"2026-09-27T11:18:50.595348628-05:00","level":"INFO","msg":"agent registry reconciliation complete (async orphan walk)","mode":"destroy","adopted":0,"destroyed":2,"foreign":0}
{"time":"2026-09-27T11:19:01.03620051-05:00","level":"INFO","msg":"shutting down","signal":"terminated"}
